This file contains any messages produced by compilers while
running configure, to aid debugging if configure makes a mistake.

It was created by epdfinfo configure 1.0, which was
generated by GNU Autoconf 2.73.  Invocation command line was

  $ ./configure -q --bindir=/home/shoyo/.config/emacs/elpa/pdf-tools-1.3.0/

## --------- ##
## Platform. ##
## --------- ##

hostname = arch
uname -m = x86_64
uname -r = 7.1.4-arch1-1
uname -s = Linux
uname -v = #1 SMP PREEMPT_DYNAMIC Sat, 18 Jul 2026 17:30:57 +0000

/usr/bin/uname -p = unknown
/bin/uname -X     = unknown

/bin/arch              = unknown
/usr/bin/arch -k       = unknown
/usr/convex/getsysinfo = unknown
/usr/bin/hostinfo      = unknown
/bin/machine           = unknown
/usr/bin/oslevel       = unknown
/bin/universe          = unknown

PATH: /home/shoyo/.cabal/bin/
PATH: /home/shoyo/.ghcup/bin/
PATH: /usr/local/sbin/
PATH: /usr/local/bin/
PATH: /usr/bin/
PATH: /usr/lib/jvm/default/bin/
PATH: /usr/bin/site_perl/
PATH: /usr/bin/vendor_perl/
PATH: /usr/bin/core_perl/
PATH: /usr/lib/rustup/bin/
PATH: /home/shoyo/.local/bin/
PATH: /home/shoyo/.local/bin/


## ----------- ##
## Core tests. ##
## ----------- ##

configure:2561: looking for aux files: config.guess config.sub ar-lib compile missing install-sh
configure:2574:  trying ./
configure:2603:   ./config.guess found
configure:2603:   ./config.sub found
configure:2603:   ./ar-lib found
configure:2603:   ./compile found
configure:2603:   ./missing found
configure:2585:   ./install-sh found
configure:2756: checking for a BSD-compatible install
configure:2830: result: /usr/bin/install -c
configure:2841: checking whether sleep supports fractional seconds
configure:2857: result: yes
configure:2860: checking filesystem timestamp resolution
configure:2995: result: 0.01
configure:3000: checking whether build environment is sane
configure:3045: result: yes
configure:3216: checking for a race-free mkdir -p
configure:3259: result: /usr/bin/mkdir -p
configure:3266: checking for gawk
configure:3287: found /usr/bin/gawk
configure:3299: result: gawk
configure:3310: checking whether make sets $(MAKE)
configure:3334: result: yes
configure:3360: checking whether make supports nested variables
configure:3379: result: yes
configure:3393: checking xargs -n works
configure:3409: result: yes
configure:3494: checking whether UID '1000' is supported by ustar format
configure:3500: result: yes
configure:3507: checking whether GID '1000' is supported by ustar format
configure:3513: result: yes
configure:3521: checking how to create a ustar tar archive
configure:3532: tar --version
tar (GNU tar) 1.35
Copyright (C) 2023 Free Software Foundation, Inc.
License GPLv3+: GNU GPL version 3 or later <https://gnu.org/licenses/gpl.html>.
This is free software: you are free to change and redistribute it.
There is NO WARRANTY, to the extent permitted by law.

Written by John Gilmore and Jay Fenlason.
configure:3535: $? = 0
configure:3575: tardir=conftest.dir && eval tar --format=ustar -chf - "$tardir" >conftest.tar
configure:3578: $? = 0
configure:3582: tar -xf - <conftest.tar
configure:3585: $? = 0
configure:3587: cat conftest.dir/file
GrepMe
configure:3590: $? = 0
configure:3605: result: gnutar
configure:3702: checking for gcc
configure:3723: found /usr/bin/gcc
configure:3735: result: gcc
configure:4094: checking for C compiler version
configure:4103: gcc --version >&5
gcc (GCC) 16.1.1 20260625
Copyright (C) 2026 Free Software Foundation, Inc.
This is free software; see the source for copying conditions.  There is NO
warranty; not even for MERCHANTABILITY or FITNESS FOR A PARTICULAR PURPOSE.

configure:4114: $? = 0
configure:4103: gcc -v >&5
Using built-in specs.
COLLECT_GCC=gcc
COLLECT_LTO_WRAPPER=/usr/lib/gcc/x86_64-pc-linux-gnu/16/lto-wrapper
Target: x86_64-pc-linux-gnu
Configured with: ../gcc/configure --enable-languages=ada,c,c++,d,fortran,go,lto,m2,objc,obj-c++,rust,cobol --enable-bootstrap --prefix=/usr --libdir=/usr/lib --libexecdir=/usr/lib --mandir=/usr/share/man --infodir=/usr/share/info --with-bugurl=https://gitlab.archlinux.org/archlinux/packaging/packages/gcc/-/issues --with-build-config=bootstrap-lto --with-gcc-major-version-only --with-linker-hash-style=gnu --with-system-zlib --enable-cet=auto --enable-checking=release --enable-clocale=gnu --enable-default-pie --enable-default-ssp --enable-gnu-indirect-function --enable-gnu-unique-object --enable-libstdcxx-backtrace --enable-link-serialization=1 --enable-linker-build-id --enable-lto --enable-multilib --enable-plugin --enable-shared --enable-threads=posix --disable-fixincludes --disable-libssp --disable-libstdcxx-pch --disable-werror
Thread model: posix
Supported LTO compression algorithms: zlib zstd
gcc version 16.1.1 20260625 (GCC) 
configure:4114: $? = 0
configure:4103: gcc -V >&5
gcc: error: unrecognized command-line option '-V'
gcc: fatal error: no input files
compilation terminated.
configure:4114: $? = 1
configure:4103: gcc -qversion >&5
gcc: error: unrecognized command-line option '-qversion'; did you mean '--version'?
gcc: fatal error: no input files
compilation terminated.
configure:4114: $? = 1
configure:4103: gcc -version >&5
gcc: error: unrecognized command-line option '-version'
gcc: fatal error: no input files
compilation terminated.
configure:4114: $? = 1
configure:4134: checking whether the C compiler works
configure:4156: gcc    conftest.c  >&5
configure:4160: $? = 0
configure:4211: result: yes
configure:4215: checking for C compiler default output file name
configure:4217: result: a.out
configure:4223: checking for suffix of executables
configure:4230: gcc -o conftest    conftest.c  >&5
configure:4234: $? = 0
configure:4258: result: 
configure:4282: checking whether we are cross compiling
configure:4290: gcc -o conftest    conftest.c  >&5
configure:4294: $? = 0
configure:4301: ./conftest
configure:4305: $? = 0
configure:4320: result: no
configure:4326: checking for suffix of object files
configure:4349: gcc -c   conftest.c >&5
configure:4353: $? = 0
configure:4377: result: o
configure:4381: checking whether the compiler supports GNU C
configure:4401: gcc -c   conftest.c >&5
configure:4401: $? = 0
configure:4413: result: yes
configure:4424: checking whether gcc accepts -g
configure:4445: gcc -c -g  conftest.c >&5
configure:4445: $? = 0
configure:4492: result: yes
configure:4512: checking for gcc option to enable C23 features
configure:4527: gcc  -c -g -O2  conftest.c >&5
configure:4527: $? = 0
configure:4546: result: none needed
configure:4719: checking whether gcc understands -c and -o together
configure:4742: gcc -c conftest.c -o conftest2.o
configure:4745: $? = 0
configure:4742: gcc -c conftest.c -o conftest2.o
configure:4745: $? = 0
configure:4761: result: yes
configure:4781: checking whether make supports the include directive
configure:4796: make -f confmf.GNU && cat confinc.out
this is the am__doit target
configure:4799: $? = 0
configure:4818: result: yes (GNU style)
configure:4844: checking dependency style of gcc
configure:4957: result: gcc3
configure:5022: checking for ranlib
configure:5043: found /usr/bin/ranlib
configure:5055: result: ranlib
configure:5134: checking for ar
configure:5155: found /usr/bin/ar
configure:5167: result: ar
configure:5194: checking the archiver (ar) interface
configure:5211: gcc -c -g -O2  conftest.c >&5
configure:5211: $? = 0
configure:5214: ar cr libconftest.a conftest.o >&5
configure:5217: $? = 0
configure:5246: result: ar
configure:5332: checking for pkg-config
configure:5355: found /usr/bin/pkg-config
configure:5368: result: /usr/bin/pkg-config
configure:5393: checking pkg-config is at least version 0.9.0
configure:5396: result: yes
configure:5406: checking for libpng
configure:5413: $PKG_CONFIG --exists --print-errors "libpng"
configure:5416: $? = 0
configure:5430: $PKG_CONFIG --exists --print-errors "libpng"
configure:5433: $? = 0
configure:5491: result: yes
configure:5497: checking for glib-2.0
configure:5504: $PKG_CONFIG --exists --print-errors "glib-2.0"
configure:5507: $? = 0
configure:5521: $PKG_CONFIG --exists --print-errors "glib-2.0"
configure:5524: $? = 0
configure:5582: result: yes
configure:5588: checking for poppler
configure:5595: $PKG_CONFIG --exists --print-errors "poppler"
configure:5598: $? = 0
configure:5612: $PKG_CONFIG --exists --print-errors "poppler"
configure:5615: $? = 0
configure:5673: result: yes
configure:5679: checking for poppler-glib >= 0.16.0
configure:5686: $PKG_CONFIG --exists --print-errors "poppler-glib >= 0.16.0"
configure:5689: $? = 0
configure:5703: $PKG_CONFIG --exists --print-errors "poppler-glib >= 0.16.0"
configure:5706: $? = 0
configure:5764: result: yes
configure:5769: $PKG_CONFIG --exists --print-errors "poppler-glib >= 0.19.4"
configure:5772: $? = 0
configure:5777: $PKG_CONFIG --exists --print-errors "poppler-glib >= 0.22"
configure:5780: $? = 0
configure:5785: $PKG_CONFIG --exists --print-errors "poppler-glib >= 0.26"
configure:5788: $? = 0
configure:5794: checking for zlib
configure:5801: $PKG_CONFIG --exists --print-errors "zlib"
configure:5804: $? = 0
configure:5818: $PKG_CONFIG --exists --print-errors "zlib"
configure:5821: $? = 0
configure:5879: result: yes
configure:5899: gcc -c -g -O2  conftest.c >&5
conftest.c:13:13: error: expected ';' before 'int'
   13 |        error
      |             ^
      |             ;
......
   16 | int
      | ~~~          
configure:5899: $? = 1
configure: failed program was:
| /* confdefs.h */
| #define PACKAGE_NAME "epdfinfo"
| #define PACKAGE_TARNAME "epdfinfo"
| #define PACKAGE_VERSION "1.0"
| #define PACKAGE_STRING "epdfinfo 1.0"
| #define PACKAGE_BUGREPORT "politza@fh-trier.de"
| #define PACKAGE_URL ""
| #define PACKAGE "epdfinfo"
| #define VERSION "1.0"
| /* end confdefs.h.  */
| 
|      #ifndef _WIN32
|        error
|      #endif
| 
| int
| main (void)
| {
| 
|   ;
|   return 0;
| }
configure:5948: checking build system type
configure:5964: result: x86_64-pc-linux-gnu
configure:5984: checking host system type
configure:5999: result: x86_64-pc-linux-gnu
configure:6024: checking for stdio.h
configure:6024: gcc -c -g -O2  conftest.c >&5
configure:6024: $? = 0
configure:6024: result: yes
configure:6024: checking for stdlib.h
configure:6024: gcc -c -g -O2  conftest.c >&5
configure:6024: $? = 0
configure:6024: result: yes
configure:6024: checking for string.h
configure:6024: gcc -c -g -O2  conftest.c >&5
configure:6024: $? = 0
configure:6024: result: yes
configure:6024: checking for inttypes.h
configure:6024: gcc -c -g -O2  conftest.c >&5
configure:6024: $? = 0
configure:6024: result: yes
configure:6024: checking for stdint.h
configure:6024: gcc -c -g -O2  conftest.c >&5
configure:6024: $? = 0
configure:6024: result: yes
configure:6024: checking for strings.h
configure:6024: gcc -c -g -O2  conftest.c >&5
configure:6024: $? = 0
configure:6024: result: yes
configure:6024: checking for sys/stat.h
configure:6024: gcc -c -g -O2  conftest.c >&5
configure:6024: $? = 0
configure:6024: result: yes
configure:6024: checking for sys/types.h
configure:6024: gcc -c -g -O2  conftest.c >&5
configure:6024: $? = 0
configure:6024: result: yes
configure:6024: checking for unistd.h
configure:6024: gcc -c -g -O2  conftest.c >&5
configure:6024: $? = 0
configure:6024: result: yes
configure:6049: checking for stdlib.h
configure:6049: result: yes
configure:6055: checking for string.h
configure:6055: result: yes
configure:6061: checking for strings.h
configure:6061: result: yes
configure:6067: checking for err.h
configure:6067: gcc -c -g -O2  conftest.c >&5
configure:6067: $? = 0
configure:6067: result: yes
configure:6075: checking for error.h
configure:6098: gcc -c -I/usr/include/poppler -I/usr/include/freetype2 -I/usr/include/nss -I/usr/include/nspr -I/usr/include/openjpeg-2.5 -I/usr/include/libpng16 -I/usr/include/webp -I/usr/include/poppler/glib -I/usr/include/cairo -I/usr/include/pixman-1 -I/usr/include/glib-2.0 -I/usr/lib/glib-2.0/include -I/usr/include/libmount -I/usr/include/blkid -I/usr/include/sysprof-6 -pthread -I/usr/include/poppler -I/usr/include/freetype2 -I/usr/include/nss -I/usr/include/nspr -I/usr/include/openjpeg-2.5 -I/usr/include/libpng16 -I/usr/include/webp  conftest.c >&5
configure:6098: $? = 0
configure:6103: result: yes
configure:6120: checking for size_t
configure:6120: gcc -c -g -O2  conftest.c >&5
configure:6120: $? = 0
configure:6120: gcc -c -g -O2  conftest.c >&5
conftest.c: In function 'main':
conftest.c:60:21: error: expected expression before ')' token
   60 | if (sizeof ((size_t)))
      |                     ^
configure:6120: $? = 1
configure: failed program was:
| /* confdefs.h */
| #define PACKAGE_NAME "epdfinfo"
| #define PACKAGE_TARNAME "epdfinfo"
| #define PACKAGE_VERSION "1.0"
| #define PACKAGE_STRING "epdfinfo 1.0"
| #define PACKAGE_BUGREPORT "politza@fh-trier.de"
| #define PACKAGE_URL ""
| #define PACKAGE "epdfinfo"
| #define VERSION "1.0"
| #define HAVE_POPPLER_FIND_OPTS 1
| #define HAVE_POPPLER_ANNOT_WRITE 1
| #define HAVE_POPPLER_ANNOT_MARKUP 1
| #define HAVE_STDIO_H 1
| #define HAVE_STDLIB_H 1
| #define HAVE_STRING_H 1
| #define HAVE_INTTYPES_H 1
| #define HAVE_STDINT_H 1
| #define HAVE_STRINGS_H 1
| #define HAVE_SYS_STAT_H 1
| #define HAVE_SYS_TYPES_H 1
| #define HAVE_UNISTD_H 1
| #define STDC_HEADERS 1
| #define HAVE_STDLIB_H 1
| #define HAVE_STRING_H 1
| #define HAVE_STRINGS_H 1
| #define HAVE_ERR_H 1
| #define HAVE_ERROR_H 1
| /* end confdefs.h.  */
| #include <stddef.h>
| #ifdef HAVE_STDIO_H
| # include <stdio.h>
| #endif
| #ifdef HAVE_STDLIB_H
| # include <stdlib.h>
| #endif
| #ifdef HAVE_STRING_H
| # include <string.h>
| #endif
| #ifdef HAVE_INTTYPES_H
| # include <inttypes.h>
| #endif
| #ifdef HAVE_STDINT_H
| # include <stdint.h>
| #endif
| #ifdef HAVE_STRINGS_H
| # include <strings.h>
| #endif
| #ifdef HAVE_SYS_TYPES_H
| # include <sys/types.h>
| #endif
| #ifdef HAVE_SYS_STAT_H
| # include <sys/stat.h>
| #endif
| #ifdef HAVE_UNISTD_H
| # include <unistd.h>
| #endif
| int
| main (void)
| {
| if (sizeof ((size_t)))
| 	    return 0;
|   ;
|   return 0;
| }
configure:6120: result: yes
configure:6131: checking for ssize_t
configure:6131: gcc -c -g -O2  conftest.c >&5
configure:6131: $? = 0
configure:6131: gcc -c -g -O2  conftest.c >&5
conftest.c: In function 'main':
conftest.c:60:22: error: expected expression before ')' token
   60 | if (sizeof ((ssize_t)))
      |                      ^
configure:6131: $? = 1
configure: failed program was:
| /* confdefs.h */
| #define PACKAGE_NAME "epdfinfo"
| #define PACKAGE_TARNAME "epdfinfo"
| #define PACKAGE_VERSION "1.0"
| #define PACKAGE_STRING "epdfinfo 1.0"
| #define PACKAGE_BUGREPORT "politza@fh-trier.de"
| #define PACKAGE_URL ""
| #define PACKAGE "epdfinfo"
| #define VERSION "1.0"
| #define HAVE_POPPLER_FIND_OPTS 1
| #define HAVE_POPPLER_ANNOT_WRITE 1
| #define HAVE_POPPLER_ANNOT_MARKUP 1
| #define HAVE_STDIO_H 1
| #define HAVE_STDLIB_H 1
| #define HAVE_STRING_H 1
| #define HAVE_INTTYPES_H 1
| #define HAVE_STDINT_H 1
| #define HAVE_STRINGS_H 1
| #define HAVE_SYS_STAT_H 1
| #define HAVE_SYS_TYPES_H 1
| #define HAVE_UNISTD_H 1
| #define STDC_HEADERS 1
| #define HAVE_STDLIB_H 1
| #define HAVE_STRING_H 1
| #define HAVE_STRINGS_H 1
| #define HAVE_ERR_H 1
| #define HAVE_ERROR_H 1
| /* end confdefs.h.  */
| #include <stddef.h>
| #ifdef HAVE_STDIO_H
| # include <stdio.h>
| #endif
| #ifdef HAVE_STDLIB_H
| # include <stdlib.h>
| #endif
| #ifdef HAVE_STRING_H
| # include <string.h>
| #endif
| #ifdef HAVE_INTTYPES_H
| # include <inttypes.h>
| #endif
| #ifdef HAVE_STDINT_H
| # include <stdint.h>
| #endif
| #ifdef HAVE_STRINGS_H
| # include <strings.h>
| #endif
| #ifdef HAVE_SYS_TYPES_H
| # include <sys/types.h>
| #endif
| #ifdef HAVE_SYS_STAT_H
| # include <sys/stat.h>
| #endif
| #ifdef HAVE_UNISTD_H
| # include <unistd.h>
| #endif
| int
| main (void)
| {
| if (sizeof ((ssize_t)))
| 	    return 0;
|   ;
|   return 0;
| }
configure:6131: result: yes
configure:6142: checking for ptrdiff_t
configure:6142: gcc -c -g -O2  conftest.c >&5
configure:6142: $? = 0
configure:6142: gcc -c -g -O2  conftest.c >&5
conftest.c: In function 'main':
conftest.c:60:24: error: expected expression before ')' token
   60 | if (sizeof ((ptrdiff_t)))
      |                        ^
configure:6142: $? = 1
configure: failed program was:
| /* confdefs.h */
| #define PACKAGE_NAME "epdfinfo"
| #define PACKAGE_TARNAME "epdfinfo"
| #define PACKAGE_VERSION "1.0"
| #define PACKAGE_STRING "epdfinfo 1.0"
| #define PACKAGE_BUGREPORT "politza@fh-trier.de"
| #define PACKAGE_URL ""
| #define PACKAGE "epdfinfo"
| #define VERSION "1.0"
| #define HAVE_POPPLER_FIND_OPTS 1
| #define HAVE_POPPLER_ANNOT_WRITE 1
| #define HAVE_POPPLER_ANNOT_MARKUP 1
| #define HAVE_STDIO_H 1
| #define HAVE_STDLIB_H 1
| #define HAVE_STRING_H 1
| #define HAVE_INTTYPES_H 1
| #define HAVE_STDINT_H 1
| #define HAVE_STRINGS_H 1
| #define HAVE_SYS_STAT_H 1
| #define HAVE_SYS_TYPES_H 1
| #define HAVE_UNISTD_H 1
| #define STDC_HEADERS 1
| #define HAVE_STDLIB_H 1
| #define HAVE_STRING_H 1
| #define HAVE_STRINGS_H 1
| #define HAVE_ERR_H 1
| #define HAVE_ERROR_H 1
| /* end confdefs.h.  */
| #include <stddef.h>
| #ifdef HAVE_STDIO_H
| # include <stdio.h>
| #endif
| #ifdef HAVE_STDLIB_H
| # include <stdlib.h>
| #endif
| #ifdef HAVE_STRING_H
| # include <string.h>
| #endif
| #ifdef HAVE_INTTYPES_H
| # include <inttypes.h>
| #endif
| #ifdef HAVE_STDINT_H
| # include <stdint.h>
| #endif
| #ifdef HAVE_STRINGS_H
| # include <strings.h>
| #endif
| #ifdef HAVE_SYS_TYPES_H
| # include <sys/types.h>
| #endif
| #ifdef HAVE_SYS_STAT_H
| # include <sys/stat.h>
| #endif
| #ifdef HAVE_UNISTD_H
| # include <unistd.h>
| #endif
| int
| main (void)
| {
| if (sizeof ((ptrdiff_t)))
| 	    return 0;
|   ;
|   return 0;
| }
configure:6142: result: yes
configure:6151: checking whether byte ordering is bigendian
configure:6167: gcc -c -g -O2  conftest.c >&5
conftest.c:31:16: error: unknown type name 'not'
   31 |                not a universal capable compiler
      |                ^~~
conftest.c:31:22: error: expected '=', ',', ';', 'asm' or '__attribute__' before 'universal'
   31 |                not a universal capable compiler
      |                      ^~~~~~~~~
conftest.c:31:22: error: unknown type name 'universal'
configure:6167: $? = 1
configure: failed program was:
| /* confdefs.h */
| #define PACKAGE_NAME "epdfinfo"
| #define PACKAGE_TARNAME "epdfinfo"
| #define PACKAGE_VERSION "1.0"
| #define PACKAGE_STRING "epdfinfo 1.0"
| #define PACKAGE_BUGREPORT "politza@fh-trier.de"
| #define PACKAGE_URL ""
| #define PACKAGE "epdfinfo"
| #define VERSION "1.0"
| #define HAVE_POPPLER_FIND_OPTS 1
| #define HAVE_POPPLER_ANNOT_WRITE 1
| #define HAVE_POPPLER_ANNOT_MARKUP 1
| #define HAVE_STDIO_H 1
| #define HAVE_STDLIB_H 1
| #define HAVE_STRING_H 1
| #define HAVE_INTTYPES_H 1
| #define HAVE_STDINT_H 1
| #define HAVE_STRINGS_H 1
| #define HAVE_SYS_STAT_H 1
| #define HAVE_SYS_TYPES_H 1
| #define HAVE_UNISTD_H 1
| #define STDC_HEADERS 1
| #define HAVE_STDLIB_H 1
| #define HAVE_STRING_H 1
| #define HAVE_STRINGS_H 1
| #define HAVE_ERR_H 1
| #define HAVE_ERROR_H 1
| #define HAVE_PTRDIFF_T 1
| /* end confdefs.h.  */
| #ifndef __APPLE_CC__
| 	       not a universal capable compiler
| 	     #endif
| 	     typedef int dummy;
| 
configure:6213: gcc -c -g -O2  conftest.c >&5
configure:6213: $? = 0
configure:6232: gcc -c -g -O2  conftest.c >&5
conftest.c: In function 'main':
conftest.c:37:18: error: unknown type name 'not'; did you mean 'ino_t'?
   37 |                  not big endian
      |                  ^~~
      |                  ino_t
conftest.c:37:26: error: expected '=', ',', ';', 'asm' or '__attribute__' before 'endian'
   37 |                  not big endian
      |                          ^~~~~~
configure:6232: $? = 1
configure: failed program was:
| /* confdefs.h */
| #define PACKAGE_NAME "epdfinfo"
| #define PACKAGE_TARNAME "epdfinfo"
| #define PACKAGE_VERSION "1.0"
| #define PACKAGE_STRING "epdfinfo 1.0"
| #define PACKAGE_BUGREPORT "politza@fh-trier.de"
| #define PACKAGE_URL ""
| #define PACKAGE "epdfinfo"
| #define VERSION "1.0"
| #define HAVE_POPPLER_FIND_OPTS 1
| #define HAVE_POPPLER_ANNOT_WRITE 1
| #define HAVE_POPPLER_ANNOT_MARKUP 1
| #define HAVE_STDIO_H 1
| #define HAVE_STDLIB_H 1
| #define HAVE_STRING_H 1
| #define HAVE_INTTYPES_H 1
| #define HAVE_STDINT_H 1
| #define HAVE_STRINGS_H 1
| #define HAVE_SYS_STAT_H 1
| #define HAVE_SYS_TYPES_H 1
| #define HAVE_UNISTD_H 1
| #define STDC_HEADERS 1
| #define HAVE_STDLIB_H 1
| #define HAVE_STRING_H 1
| #define HAVE_STRINGS_H 1
| #define HAVE_ERR_H 1
| #define HAVE_ERROR_H 1
| #define HAVE_PTRDIFF_T 1
| /* end confdefs.h.  */
| #include <sys/types.h>
| 		#include <sys/param.h>
| 
| int
| main (void)
| {
| #if BYTE_ORDER != BIG_ENDIAN
| 		 not big endian
| 		#endif
| 
|   ;
|   return 0;
| }
configure:6373: result: no
configure:6393: checking for error_at_line
configure:6410: gcc -o conftest -g -O2   conftest.c  >&5
configure:6410: $? = 0
configure:6421: result: yes
configure:6432: checking for working strtod
configure:6472: gcc -o conftest -g -O2   conftest.c  >&5
configure:6472: $? = 0
configure:6472: ./conftest
configure:6472: $? = 0
configure:6486: result: yes
configure:6558: checking for strcspn
configure:6558: gcc -o conftest -g -O2   conftest.c  >&5
conftest.c:46:6: warning: conflicting types for built-in function 'strcspn'; expected 'long unsigned int(const char *, const char *)' [-Wbuiltin-declaration-mismatch]
   46 | char strcspn (void);
      |      ^~~~~~~
conftest.c:38:1: note: 'strcspn' is declared in header '<string.h>'
   37 | #include <limits.h>
   38 | #undef strcspn
configure:6558: $? = 0
configure:6558: result: yes
configure:6564: checking for strtol
configure:6564: gcc -o conftest -g -O2   conftest.c  >&5
configure:6564: $? = 0
configure:6564: result: yes
configure:6570: checking for getline
configure:6570: gcc -o conftest -g -O2   conftest.c  >&5
configure:6570: $? = 0
configure:6570: result: yes
configure:6576: checking for _tempnam
configure:6576: gcc -o conftest -g -O2   conftest.c  >&5
/usr/bin/ld: /tmp/ccCr3Qpb.o: in function `main':
/home/shoyo/.config/emacs/elpa/pdf-tools-1.3.0/server/conftest.c:60:(.text.startup+0x5): undefined reference to `_tempnam'
collect2: error: ld returned 1 exit status
configure:6576: $? = 1
configure: failed program was:
| /* confdefs.h */
| #define PACKAGE_NAME "epdfinfo"
| #define PACKAGE_TARNAME "epdfinfo"
| #define PACKAGE_VERSION "1.0"
| #define PACKAGE_STRING "epdfinfo 1.0"
| #define PACKAGE_BUGREPORT "politza@fh-trier.de"
| #define PACKAGE_URL ""
| #define PACKAGE "epdfinfo"
| #define VERSION "1.0"
| #define HAVE_POPPLER_FIND_OPTS 1
| #define HAVE_POPPLER_ANNOT_WRITE 1
| #define HAVE_POPPLER_ANNOT_MARKUP 1
| #define HAVE_STDIO_H 1
| #define HAVE_STDLIB_H 1
| #define HAVE_STRING_H 1
| #define HAVE_INTTYPES_H 1
| #define HAVE_STDINT_H 1
| #define HAVE_STRINGS_H 1
| #define HAVE_SYS_STAT_H 1
| #define HAVE_SYS_TYPES_H 1
| #define HAVE_UNISTD_H 1
| #define STDC_HEADERS 1
| #define HAVE_STDLIB_H 1
| #define HAVE_STRING_H 1
| #define HAVE_STRINGS_H 1
| #define HAVE_ERR_H 1
| #define HAVE_ERROR_H 1
| #define HAVE_PTRDIFF_T 1
| #define HAVE_STRCSPN 1
| #define HAVE_STRTOL 1
| #define HAVE_GETLINE 1
| /* end confdefs.h.  */
| /* Define _tempnam to an innocuous variant, in case <limits.h> declares _tempnam.
|    For example, HP-UX 11i <limits.h> declares gettimeofday.  */
| #define _tempnam innocuous__tempnam
| 
| /* System header to define __stub macros and hopefully few prototypes,
|    which can conflict with char _tempnam (void); below.  */
| 
| #include <limits.h>
| #undef _tempnam
| 
| /* Override any GCC internal prototype to avoid an error.
|    Use char because int might match the return type of a GCC
|    builtin and then its argument prototype would still apply.  */
| #ifdef __cplusplus
| extern "C"
| #endif
| char _tempnam (void);
| /* The GNU C library defines this for functions which it implements
|     to always fail with ENOSYS.  Some functions are actually named
|     something starting with __ and the normal name is an alias.  */
| #if defined __stub__tempnam || defined __stub____tempnam
| choke me
| #endif
| 
| int
| main (void)
| {
| return _tempnam ();
|   ;
|   return 0;
| }
configure:6576: result: no
configure:6658: checking that generated files are newer than configure
configure:6664: result: done
configure:6712: creating ./config.status

## ---------------------- ##
## Running config.status. ##
## ---------------------- ##

This file was extended by epdfinfo config.status 1.0, which was
generated by GNU Autoconf 2.73.  Invocation command line was

  CONFIG_FILES    = 
  CONFIG_HEADERS  = 
  CONFIG_LINKS    = 
  CONFIG_COMMANDS = 
  $ ./config.status --quiet

on arch

config.status:878: creating Makefile
config.status:878: creating config.h
config.status:1107: executing depfiles commands
config.status:1182: cd .       && sed -e '/# am--include-marker/d' Makefile         | make -f - am--depfiles
config.status:1189: $? = 0

## ---------------- ##
## Cache variables. ##
## ---------------- ##

ac_cv_build=x86_64-pc-linux-gnu
ac_cv_c_bigendian=no
ac_cv_c_compiler_gnu=yes
ac_cv_env_CC_set=
ac_cv_env_CC_value=
ac_cv_env_CFLAGS_set=
ac_cv_env_CFLAGS_value=
ac_cv_env_CPPFLAGS_set=
ac_cv_env_CPPFLAGS_value=
ac_cv_env_LDFLAGS_set=
ac_cv_env_LDFLAGS_value=
ac_cv_env_LIBS_set=
ac_cv_env_LIBS_value=
ac_cv_env_PKG_CONFIG_LIBDIR_set=
ac_cv_env_PKG_CONFIG_LIBDIR_value=
ac_cv_env_PKG_CONFIG_PATH_set=
ac_cv_env_PKG_CONFIG_PATH_value=
ac_cv_env_PKG_CONFIG_set=
ac_cv_env_PKG_CONFIG_value=
ac_cv_env_build_alias_set=
ac_cv_env_build_alias_value=
ac_cv_env_glib_CFLAGS_set=
ac_cv_env_glib_CFLAGS_value=
ac_cv_env_glib_LIBS_set=
ac_cv_env_glib_LIBS_value=
ac_cv_env_host_alias_set=
ac_cv_env_host_alias_value=
ac_cv_env_png_CFLAGS_set=
ac_cv_env_png_CFLAGS_value=
ac_cv_env_png_LIBS_set=
ac_cv_env_png_LIBS_value=
ac_cv_env_poppler_CFLAGS_set=
ac_cv_env_poppler_CFLAGS_value=
ac_cv_env_poppler_LIBS_set=
ac_cv_env_poppler_LIBS_value=
ac_cv_env_poppler_glib_CFLAGS_set=
ac_cv_env_poppler_glib_CFLAGS_value=
ac_cv_env_poppler_glib_LIBS_set=
ac_cv_env_poppler_glib_LIBS_value=
ac_cv_env_target_alias_set=
ac_cv_env_target_alias_value=
ac_cv_env_zlib_CFLAGS_set=
ac_cv_env_zlib_CFLAGS_value=
ac_cv_env_zlib_LIBS_set=
ac_cv_env_zlib_LIBS_value=
ac_cv_func__tempnam=no
ac_cv_func_getline=yes
ac_cv_func_strcspn=yes
ac_cv_func_strtod=yes
ac_cv_func_strtol=yes
ac_cv_header_err_h=yes
ac_cv_header_inttypes_h=yes
ac_cv_header_stdint_h=yes
ac_cv_header_stdio_h=yes
ac_cv_header_stdlib_h=yes
ac_cv_header_string_h=yes
ac_cv_header_strings_h=yes
ac_cv_header_sys_stat_h=yes
ac_cv_header_sys_types_h=yes
ac_cv_header_unistd_h=yes
ac_cv_host=x86_64-pc-linux-gnu
ac_cv_lib_error_at_line=yes
ac_cv_objext=o
ac_cv_path_ac_pt_PKG_CONFIG=/usr/bin/pkg-config
ac_cv_path_install='/usr/bin/install -c'
ac_cv_path_mkdir=/usr/bin/mkdir
ac_cv_prog_AWK=gawk
ac_cv_prog_ac_ct_AR=ar
ac_cv_prog_ac_ct_CC=gcc
ac_cv_prog_ac_ct_RANLIB=ranlib
ac_cv_prog_cc_c23=
ac_cv_prog_cc_g=yes
ac_cv_prog_cc_stdc=
ac_cv_prog_make_make_set=yes
ac_cv_type_ptrdiff_t=yes
ac_cv_type_size_t=yes
ac_cv_type_ssize_t=yes
am_cv_CC_dependencies_compiler_type=gcc3
am_cv_ar_interface=ar
am_cv_filesystem_timestamp_resolution=0.01
am_cv_make_support_nested_variables=yes
am_cv_prog_cc_c_o=yes
am_cv_prog_tar_ustar=gnutar
am_cv_sleep_fractional_seconds=yes
am_cv_xargs_n_works=yes
pkg_cv_glib_CFLAGS='-I/usr/include/glib-2.0 -I/usr/lib/glib-2.0/include -I/usr/include/sysprof-6 -pthread'
pkg_cv_glib_LIBS=-lglib-2.0
pkg_cv_png_CFLAGS=-I/usr/include/libpng16
pkg_cv_png_LIBS=-lpng16
pkg_cv_poppler_CFLAGS='-I/usr/include/poppler -I/usr/include/freetype2 -I/usr/include/nss -I/usr/include/nspr -I/usr/include/openjpeg-2.5 -I/usr/include/libpng16 -I/usr/include/webp'
pkg_cv_poppler_LIBS=-lpoppler
pkg_cv_poppler_glib_CFLAGS='-I/usr/include/poppler/glib -I/usr/include/cairo -I/usr/include/pixman-1 -I/usr/include/glib-2.0 -I/usr/lib/glib-2.0/include -I/usr/include/libmount -I/usr/include/blkid -I/usr/include/sysprof-6 -pthread -I/usr/include/poppler -I/usr/include/freetype2 -I/usr/include/nss -I/usr/include/nspr -I/usr/include/openjpeg-2.5 -I/usr/include/libpng16 -I/usr/include/webp'
pkg_cv_poppler_glib_LIBS='-lpoppler-glib -lcairo -lgobject-2.0 -lglib-2.0'
pkg_cv_zlib_CFLAGS=
pkg_cv_zlib_LIBS=-lz

## ----------------- ##
## Output variables. ##
## ----------------- ##

ACLOCAL='${SHELL} '\''/home/shoyo/.config/emacs/elpa/pdf-tools-1.3.0/server/missing'\'' aclocal-1.18'
AMDEPBACKSLASH='\'
AMDEP_FALSE='#'
AMDEP_TRUE=''
AMTAR='$${TAR-tar}'
AM_BACKSLASH='\'
AM_DEFAULT_V='$(AM_DEFAULT_VERBOSITY)'
AM_DEFAULT_VERBOSITY='1'
AM_V='$(V)'
AR='ar'
AUTOCONF='${SHELL} '\''/home/shoyo/.config/emacs/elpa/pdf-tools-1.3.0/server/missing'\'' autoconf'
AUTOHEADER='${SHELL} '\''/home/shoyo/.config/emacs/elpa/pdf-tools-1.3.0/server/missing'\'' autoheader'
AUTOMAKE='${SHELL} '\''/home/shoyo/.config/emacs/elpa/pdf-tools-1.3.0/server/missing'\'' automake-1.18'
AWK='gawk'
CC='gcc'
CCDEPMODE='depmode=gcc3'
CFLAGS='-g -O2'
CPPFLAGS=''
CSCOPE='cscope'
CTAGS='ctags'
CYGPATH_W='echo'
DEFS='-DHAVE_CONFIG_H'
DEPDIR='.deps'
ECHO_C=''
ECHO_N='-n'
ECHO_T=''
ETAGS='etags'
EXEEXT=''
HAVE_W32_FALSE=''
HAVE_W32_TRUE='#'
INSTALL_DATA='${INSTALL} -m 644'
INSTALL_PROGRAM='${INSTALL}'
INSTALL_SCRIPT='${INSTALL}'
INSTALL_STRIP_PROGRAM='$(install_sh) -c -s'
LDFLAGS=''
LIBOBJS=''
LIBS=''
LTLIBOBJS=''
MAKEINFO='${SHELL} '\''/home/shoyo/.config/emacs/elpa/pdf-tools-1.3.0/server/missing'\'' makeinfo'
MKDIR_P='/usr/bin/mkdir -p'
OBJEXT='o'
PACKAGE='epdfinfo'
PACKAGE_BUGREPORT='politza@fh-trier.de'
PACKAGE_NAME='epdfinfo'
PACKAGE_STRING='epdfinfo 1.0'
PACKAGE_TARNAME='epdfinfo'
PACKAGE_URL=''
PACKAGE_VERSION='1.0'
PATH_SEPARATOR=':'
PKG_CONFIG='/usr/bin/pkg-config'
PKG_CONFIG_LIBDIR=''
PKG_CONFIG_PATH=''
POW_LIB=''
RANLIB='ranlib'
SET_MAKE=''
SHELL='/bin/sh'
STRIP=''
VERSION='1.0'
ac_ct_AR='ar'
ac_ct_CC='gcc'
am__EXEEXT_FALSE=''
am__EXEEXT_TRUE='#'
am__fastdepCC_FALSE='#'
am__fastdepCC_TRUE=''
am__include='include'
am__isrc=''
am__leading_dot='.'
am__nodep='_no'
am__quote=''
am__rm_f_notfound=''
am__tar='tar --format=ustar -chf - "$$tardir"'
am__untar='tar -xf -'
am__xargs_n='xargs -n'
bindir='/home/shoyo/.config/emacs/elpa/pdf-tools-1.3.0'
build='x86_64-pc-linux-gnu'
build_alias=''
build_cpu='x86_64'
build_os='linux-gnu'
build_vendor='pc'
datadir='${datarootdir}'
datarootdir='${prefix}/share'
docdir='${datarootdir}/doc/${PACKAGE_TARNAME}'
dvidir='${docdir}'
exec_prefix='${prefix}'
glib_CFLAGS='-I/usr/include/glib-2.0 -I/usr/lib/glib-2.0/include -I/usr/include/sysprof-6 -pthread'
glib_LIBS='-lglib-2.0'
host='x86_64-pc-linux-gnu'
host_alias=''
host_cpu='x86_64'
host_os='linux-gnu'
host_vendor='pc'
htmldir='${docdir}'
includedir='${prefix}/include'
infodir='${datarootdir}/info'
install_sh='${SHELL} /home/shoyo/.config/emacs/elpa/pdf-tools-1.3.0/server/install-sh'
libdir='${exec_prefix}/lib'
libexecdir='${exec_prefix}/libexec'
localedir='${datarootdir}/locale'
localstatedir='${prefix}/var'
mandir='${datarootdir}/man'
mkdir_p='$(MKDIR_P)'
oldincludedir='/usr/include'
pdfdir='${docdir}'
png_CFLAGS='-I/usr/include/libpng16'
png_LIBS='-lpng16'
poppler_CFLAGS='-I/usr/include/poppler -I/usr/include/freetype2 -I/usr/include/nss -I/usr/include/nspr -I/usr/include/openjpeg-2.5 -I/usr/include/libpng16 -I/usr/include/webp'
poppler_LIBS='-lpoppler'
poppler_glib_CFLAGS='-I/usr/include/poppler/glib -I/usr/include/cairo -I/usr/include/pixman-1 -I/usr/include/glib-2.0 -I/usr/lib/glib-2.0/include -I/usr/include/libmount -I/usr/include/blkid -I/usr/include/sysprof-6 -pthread -I/usr/include/poppler -I/usr/include/freetype2 -I/usr/include/nss -I/usr/include/nspr -I/usr/include/openjpeg-2.5 -I/usr/include/libpng16 -I/usr/include/webp'
poppler_glib_LIBS='-lpoppler-glib -lcairo -lgobject-2.0 -lglib-2.0'
prefix='/usr/local'
program_transform_name='s,x,x,'
psdir='${docdir}'
runstatedir='${localstatedir}/run'
sbindir='${exec_prefix}/sbin'
sharedstatedir='${prefix}/com'
sysconfdir='${prefix}/etc'
target_alias=''
zlib_CFLAGS=''
zlib_LIBS='-lz'

## ----------- ##
## confdefs.h. ##
## ----------- ##

/* confdefs.h */
#define PACKAGE_NAME "epdfinfo"
#define PACKAGE_TARNAME "epdfinfo"
#define PACKAGE_VERSION "1.0"
#define PACKAGE_STRING "epdfinfo 1.0"
#define PACKAGE_BUGREPORT "politza@fh-trier.de"
#define PACKAGE_URL ""
#define PACKAGE "epdfinfo"
#define VERSION "1.0"
#define HAVE_POPPLER_FIND_OPTS 1
#define HAVE_POPPLER_ANNOT_WRITE 1
#define HAVE_POPPLER_ANNOT_MARKUP 1
#define HAVE_STDIO_H 1
#define HAVE_STDLIB_H 1
#define HAVE_STRING_H 1
#define HAVE_INTTYPES_H 1
#define HAVE_STDINT_H 1
#define HAVE_STRINGS_H 1
#define HAVE_SYS_STAT_H 1
#define HAVE_SYS_TYPES_H 1
#define HAVE_UNISTD_H 1
#define STDC_HEADERS 1
#define HAVE_STDLIB_H 1
#define HAVE_STRING_H 1
#define HAVE_STRINGS_H 1
#define HAVE_ERR_H 1
#define HAVE_ERROR_H 1
#define HAVE_PTRDIFF_T 1
#define HAVE_STRCSPN 1
#define HAVE_STRTOL 1
#define HAVE_GETLINE 1

configure: exit 
